[w3] episode  114/150 | steps= 582 return=  52.670
[w0] episode    1/150 | steps= 629 return=  52.538
[w1] episode   39/150 | steps= 620 return=  60.655
[w2] episode   77/150 | steps= 724 return=  73.595
[w3] episode  115/150 | steps= 630 return=  64.012
[w0] episode    2/150 | steps= 589 return=  59.137
[w1] episode   40/150 | steps= 642 return=  65.761
[w2] episode   78/150 | steps= 692 return=  70.198
[w3] episode  116/150 | steps= 635 return=  64.845
[w1] episode   41/150 | steps= 638 return=  63.803
[w0] episode    3/150 | steps= 737 return=  75.531
[w2] episode   79/150 | steps= 596 return=  54.037
[w3] episode  117/150 | steps= 579 return=  56.090
[w1] episode   42/150 | steps= 625 return=  57.772
[w0] episode    4/150 | steps= 649 return=  60.810
[w2] episode   80/150 | steps= 646 return=  53.945
[w3] episode  118/150 | steps= 632 return=  61.299
[w1] episode   43/150 | steps= 588 return=  58.096
[w0] episode    5/150 | steps= 628 return=  63.672
[w2] episode   81/150 | steps= 597 return=  58.507
[w1] episode   44/150 | steps= 653 return=  66.250
[w3] episode  119/150 | steps= 740 return=  72.768
[w2] episode   82/150 | steps= 568 return=  54.639
[w0] episode    6/150 | steps= 595 return=  55.400
[w1] episode   45/150 | steps= 629 return=  64.139
[w3] episode  120/150 | steps= 625 return=  55.524
[w0] episode    7/150 | steps= 602 return=  61.430
[w2] episode   83/150 | steps= 681 return=  69.606
[w1] episode   46/150 | steps= 595 return=  60.492
[w3] episode  121/150 | steps= 590 return=  60.055
[w2] episode   84/150 | steps= 610 return=  59.134
[w0] episode    8/150 | steps= 734 return=  75.173
[w1] episode   47/150 | steps= 584 return=  55.050
[w3] episode  122/150 | steps= 620 return=  62.762
[w2] episode   85/150 | steps= 566 return=  55.291
[w0] episode    9/150 | steps= 613 return=  63.093
[w1] episode   48/150 | steps= 577 return=  54.379
[w3] episode  123/150 | steps= 658 return=  67.342
[w2] episode   86/150 | steps= 661 return=  67.915
[w0] episode   10/150 | steps= 627 return=  63.287
[w1] episode   49/150 | steps= 594 return=  59.022
[w3] episode  124/150 | steps= 643 return=  52.472
[w0] episode   11/150 | steps= 579 return=  54.311
[w2] episode   87/150 | steps= 627 return=  51.779
[w1] episode   50/150 | steps= 673 return=  68.364
[w2] episode   88/150 | steps= 641 return=  63.924
[w3] episode  125/150 | steps= 765 return=  77.959
[w0] episode   12/150 | steps= 775 return=  79.282
[w1] episode   51/150 | steps= 640 return=  61.679
[w3] episode  126/150 | steps= 580 return=  54.416
[w2] episode   89/150 | steps= 620 return=  62.238
[w0] episode   13/150 | steps= 593 return=  58.525
[w1] episode   52/150 | steps= 600 return=  57.716
[w3] episode  127/150 | steps= 670 return=  47.952
[w2] episode   90/150 | steps= 634 return=  65.141
[w0] episode   14/150 | steps= 593 return=  53.115
[w1] episode   53/150 | steps= 622 return=  61.533
[w0] episode   15/150 | steps= 589 return=  54.742
[w3] episode  128/150 | steps= 595 return=  49.708
[w2] episode   91/150 | steps= 637 return=  64.562
[w1] episode   54/150 | steps= 641 return=  62.595
[w3] episode  129/150 | steps= 581 return=  57.006
[w0] episode   16/150 | steps= 605 return=  60.737
[w2] episode   92/150 | steps= 623 return=  51.919
[w1] episode   55/150 | steps= 617 return=  54.880
[w3] episode  130/150 | steps= 576 return=  57.797
[w0] episode   17/150 | steps= 623 return=  63.526
[w2] episode   93/150 | steps= 594 return=  58.876
[w1] episode   56/150 | steps= 682 return=  58.931
[w0] episode   18/150 | steps= 591 return=  58.012
[w3] episode  131/150 | steps= 676 return=  69.402
[w2] episode   94/150 | steps= 631 return=  63.287
[w1] episode   57/150 | steps= 628 return=  57.022
[w2] episode   95/150 | steps= 576 return=  58.557
[w3] episode  132/150 | steps= 609 return=  56.572
[w0] episode   19/150 | steps= 670 return=  57.878
[w1] episode   58/150 | steps= 608 return=  57.373
[w3] episode  133/150 | steps= 626 return=  61.246
[w2] episode   96/150 | steps= 670 return=  68.818
[w0] episode   20/150 | steps= 692 return=  69.745
[w1] episode   59/150 | steps= 649 return=  65.376
[w2] episode   97/150 | steps= 575 return=  48.575
[w3] episode  134/150 | steps= 618 return=  60.542
[w0] episode   21/150 | steps= 599 return=  56.864
[w1] episode   60/150 | steps= 606 return=  62.116
[w2] episode   98/150 | steps= 598 return=  59.305
[w3] episode  135/150 | steps= 646 return=  63.126
[w0] episode   22/150 | steps= 602 return=  61.305
[w1] episode   61/150 | steps= 626 return=  53.725
[w2] episode   99/150 | steps= 603 return=  55.418
[w0] episode   23/150 | steps= 593 return=  58.638
[w3] episode  136/150 | steps= 737 return=  75.294
[w1] episode   62/150 | steps= 603 return=  53.714
[w2] episode  100/150 | steps= 654 return=  66.584
[w0] episode   24/150 | steps= 597 return=  48.845
[w3] episode  137/150 | steps= 591 return=  55.799
[w1] episode   63/150 | steps= 591 return=  53.069
[w2] episode  101/150 | steps= 630 return=  57.784
[w0] episode   25/150 | steps= 608 return=  60.952
[w3] episode  138/150 | steps= 635 return=  63.915
[w1] episode   64/150 | steps= 588 return=  56.009
[w2] episode  102/150 | steps= 645 return=  65.919
[w0] episode   26/150 | steps= 603 return=  52.975
[w3] episode  139/150 | steps= 587 return=  57.902
[w1] episode   65/150 | steps= 658 return=  50.048
[w2] episode  103/150 | steps= 670 return=  68.806
[w0] episode   27/150 | steps= 604 return=  55.882
[w3] episode  140/150 | steps= 673 return=  69.110
[w1] episode   66/150 | steps= 582 return=  54.352
[w0] episode   28/150 | steps= 594 return=  58.072
[w2] episode  104/150 | steps= 691 return=  70.917
[w3] episode  141/150 | steps= 620 return=  52.525
[w1] episode   67/150 | steps= 677 return=  68.872
[w0] episode   29/150 | steps= 594 return=  52.297
[w2] episode  105/150 | steps= 574 return=  51.519
[w3] episode  142/150 | steps= 638 return=  64.882
[w1] episode   68/150 | steps= 675 return=  64.399
[w0] episode   30/150 | steps= 611 return=  60.627
[w2] episode  106/150 | steps= 677 return=  61.032
[w3] episode  143/150 | steps= 628 return=  63.595
[w1] episode   69/150 | steps= 597 return=  51.274
[w0] episode   31/150 | steps= 619 return=  56.665
[w2] episode  107/150 | steps= 577 return=  49.598
[w3] episode  144/150 | steps= 608 return=  57.023
[w1] episode   70/150 | steps= 633 return=  56.950
[w0] episode   32/150 | steps= 663 return=  66.689
[w2] episode  108/150 | steps= 609 return=  58.319
[w3] episode  145/150 | steps= 606 return=  59.825
[w1] episode   71/150 | steps= 607 return=  59.224
[w0] episode   33/150 | steps= 581 return=  54.283
[w2] episode  109/150 | steps= 617 return=  61.091
[w3] episode  146/150 | steps= 703 return=  70.047
[w1] episode   72/150 | steps= 644 return=  63.240
[w0] episode   34/150 | steps= 594 return=  55.914
[w2] episode  110/150 | steps= 577 return=  57.732
[w3] episode  147/150 | steps= 617 return=  61.894
[w1] episode   73/150 | steps= 643 return=  65.151
[w0] episode   35/150 | steps= 620 return=  60.855
[w2] episode  111/150 | steps= 670 return=  68.053
[w3] episode  148/150 | steps= 631 return=  64.765
[w1] episode   74/150 | steps= 615 return=  62.681
[w0] episode   36/150 | steps= 634 return=  65.199
[w2] episode  112/150 | steps= 627 return=  64.296
[w3] episode  149/150 | steps= 571 return=  58.104
[w1] episode   75/150 | steps= 595 return=  53.036
[w0] episode   37/150 | steps= 600 return=  50.110
[w2] episode  113/150 | steps= 597 return=  50.942
[w3] episode  150/150 | steps= 594 return=  60.839
[w1] episode   76/150 | steps= 595 return=  52.319
[w0] episode   38/150 | steps= 606 return=  59.189
정책: ppo (results/team14_ppo_v1/model.pt)

수집 완료
  transitions: 93775  (170.6s, 550 step/s, workers=4)
  JSONL(full POMDP + privileged state): D:\32자율주행인공지능\course_repo\data\team14_ppo_det.jsonl.gz (45.8 MB)
  NPZ(training-friendly):               D:\32자율주행인공지능\course_repo\data\team14_ppo_det.npz (6.3 MB)
[w2] episode   27/50 | steps= 592 return=  59.688
[w3] episode   39/50 | steps= 624 return=  51.165
[w0] episode    1/50 | steps= 645 return=  65.242
[w1] episode   14/50 | steps= 633 return=  59.663
[w3] episode   40/50 | steps= 605 return=  54.850
[w1] episode   15/50 | steps= 611 return=  57.489
[w2] episode   28/50 | steps= 682 return=  57.950
[w0] episode    2/50 | steps= 632 return=  54.186
[w3] episode   41/50 | steps= 615 return=  58.705
[w1] episode   16/50 | steps= 581 return=  54.001
[w2] episode   29/50 | steps= 724 return=  73.262
[w0] episode    3/50 | steps= 721 return=  60.851
[w3] episode   42/50 | steps= 591 return=  56.807
[w1] episode   17/50 | steps= 620 return=  49.267
[w2] episode   30/50 | steps= 596 return=  56.484
[w0] episode    4/50 | steps= 603 return=  54.039
[w3] episode   43/50 | steps= 664 return=  67.065
[w1] episode   18/50 | steps= 600 return=  56.184
[w0] episode    5/50 | steps= 588 return=  58.213
[w2] episode   31/50 | steps= 617 return=  62.476
[w3] episode   44/50 | steps= 606 return=  58.801
[w1] episode   19/50 | steps= 642 return=  64.386
[w0] episode    6/50 | steps= 642 return=  65.468
[w2] episode   32/50 | steps= 629 return=  54.253
[w3] episode   45/50 | steps= 614 return=  61.728
[w1] episode   20/50 | steps= 585 return=  52.166
[w0] episode    7/50 | steps= 580 return=  57.575
[w2] episode   33/50 | steps= 616 return=  56.329
[w3] episode   46/50 | steps= 587 return=  52.494
[w1] episode   21/50 | steps= 618 return=  62.473
[w0] episode    8/50 | steps= 685 return=  69.630
[w2] episode   34/50 | steps= 590 return=  48.600
[w3] episode   47/50 | steps= 606 return=  59.432
[w1] episode   22/50 | steps= 642 return=  53.767
[w0] episode    9/50 | steps= 668 return=  68.083
[w2] episode   35/50 | steps= 700 return=  71.294
[w3] episode   48/50 | steps= 597 return=  57.625
[w1] episode   23/50 | steps= 585 return=  56.427
[w0] episode   10/50 | steps= 608 return=  61.656
[w2] episode   36/50 | steps= 634 return=  63.841
[w3] episode   49/50 | steps= 619 return=  58.895
[w1] episode   24/50 | steps= 601 return=  59.147
[w2] episode   37/50 | steps= 618 return=  56.837
[w0] episode   11/50 | steps= 844 return=  85.287
[w3] episode   50/50 | steps= 623 return=  59.182
[w1] episode   25/50 | steps= 606 return=  59.118
[w2] episode   38/50 | steps= 580 return=  54.842
[w0] episode   12/50 | steps= 627 return=  59.702
[w1] episode   26/50 | steps= 587 return=  58.081
[w0] episode   13/50 | steps= 601 return=  57.938
정책: ppo (results/team14_ppo_v1/model.pt) [stochastic]

수집 완료
  transitions: 31284  (80.3s, 390 step/s, workers=4)
  JSONL(full POMDP + privileged state): D:\32자율주행인공지능\course_repo\data\team14_ppo_stoch.jsonl.gz (15.2 MB)
  NPZ(training-friendly):               D:\32자율주행인공지능\course_repo\data\team14_ppo_stoch.npz (2.1 MB)
