평가 알고리즘: PPO
  ep   1/300: steps= 634 return=  64.99 완주
  ep   2/300: steps= 639 return=  64.55 완주
  ep   3/300: steps= 585 return=  53.80 완주
  ep   4/300: steps= 662 return=  65.92 완주
  ep   5/300: steps= 607 return=  60.72 완주
  ep   6/300: steps= 671 return=  68.91 완주
  ep   7/300: steps= 678 return=  68.19 완주
  ep   8/300: steps= 596 return=  58.44 완주
  ep   9/300: steps= 609 return=  52.66 완주
  ep  10/300: steps= 583 return=  55.16 완주
  ep  11/300: steps= 569 return=  57.12 완주
  ep  12/300: steps= 584 return=  49.68 완주
  ep  13/300: steps= 722 return=  58.12 완주
  ep  14/300: steps= 758 return=  77.35 완주
  ep  15/300: steps= 599 return=  59.65 완주
  ep  16/300: steps= 601 return=  58.07 완주
  ep  17/300: steps= 628 return=  63.79 완주
  ep  18/300: steps= 636 return=  62.81 완주
  ep  19/300: steps= 633 return=  62.25 완주
  ep  20/300: steps= 582 return=  55.49 완주
  ep  21/300: steps= 659 return=  67.37 완주
  ep  22/300: steps= 572 return=  58.06 완주
  ep  23/300: steps= 602 return=  59.41 완주
  ep  24/300: steps= 626 return=  62.70 완주
  ep  25/300: steps= 633 return=  63.51 완주
  ep  26/300: steps= 655 return=  67.20 완주
  ep  27/300: steps= 606 return=  59.14 완주
  ep  28/300: steps= 631 return=  61.64 완주
  ep  29/300: steps= 573 return=  55.21 완주
  ep  30/300: steps= 594 return=  58.15 완주
  ep  31/300: steps= 591 return=  53.55 완주
  ep  32/300: steps= 708 return=  71.42 완주
  ep  33/300: steps= 583 return=  53.60 완주
  ep  34/300: steps= 631 return=  63.93 완주
  ep  35/300: steps= 616 return=  61.73 완주
  ep  36/300: steps= 579 return=  57.83 완주
  ep  37/300: steps= 627 return=  63.40 완주
  ep  38/300: steps= 587 return=  57.10 완주
  ep  39/300: steps= 583 return=  54.88 완주
  ep  40/300: steps= 595 return=  55.77 완주
  ep  41/300: steps= 601 return=  50.56 완주
  ep  42/300: steps= 649 return=  66.59 완주
  ep  43/300: steps= 599 return=  54.96 완주
  ep  44/300: steps= 596 return=  59.22 완주
  ep  45/300: steps= 577 return=  59.01 완주
  ep  46/300: steps= 636 return=  54.37 완주
  ep  47/300: steps= 594 return=  51.73 완주
  ep  48/300: steps= 590 return=  54.73 완주
  ep  49/300: steps= 602 return=  57.63 완주
  ep  50/300: steps= 610 return=  55.37 완주
  ep  51/300: steps= 667 return=  68.22 완주
  ep  52/300: steps= 651 return=  66.75 완주
  ep  53/300: steps= 618 return=  61.78 완주
  ep  54/300: steps= 617 return=  63.09 완주
  ep  55/300: steps= 598 return=  59.55 완주
  ep  56/300: steps= 631 return=  64.42 완주
  ep  57/300: steps= 628 return=  61.69 완주
  ep  58/300: steps= 603 return=  58.60 완주
  ep  59/300: steps= 636 return=  63.55 완주
  ep  60/300: steps= 620 return=  62.21 완주
  ep  61/300: steps= 661 return=  67.51 완주
  ep  62/300: steps= 616 return=  56.78 완주
  ep  63/300: steps= 622 return=  61.65 완주
  ep  64/300: steps= 622 return=  56.04 완주
  ep  65/300: steps= 619 return=  52.56 완주
  ep  66/300: steps= 608 return=  60.78 완주
  ep  67/300: steps= 590 return=  59.24 완주
  ep  68/300: steps= 636 return=  64.84 완주
  ep  69/300: steps= 606 return=  59.69 완주
  ep  70/300: steps= 584 return=  59.01 완주
  ep  71/300: steps= 590 return=  56.34 완주
  ep  72/300: steps= 599 return=  56.90 완주
  ep  73/300: steps= 602 return=  54.90 완주
  ep  74/300: steps= 594 return=  60.44 완주
  ep  75/300: steps= 621 return=  61.77 완주
  ep  76/300: steps= 613 return=  58.29 완주
  ep  77/300: steps= 671 return=  67.84 완주
  ep  78/300: steps= 624 return=  51.99 완주
  ep  79/300: steps= 601 return=  54.06 완주
  ep  80/300: steps= 622 return=  59.77 완주
  ep  81/300: steps= 623 return=  52.43 완주
  ep  82/300: steps= 626 return=  52.08 완주
  ep  83/300: steps= 638 return=  65.07 완주
  ep  84/300: steps= 637 return=  58.12 완주
  ep  85/300: steps= 604 return=  61.80 완주
  ep  86/300: steps= 573 return=  55.16 완주
  ep  87/300: steps= 608 return=  61.75 완주
  ep  88/300: steps= 609 return=  61.96 완주
  ep  89/300: steps= 634 return=  58.51 완주
  ep  90/300: steps= 616 return=  58.55 완주
  ep  91/300: steps= 613 return=  61.80 완주
  ep  92/300: steps= 595 return=  58.10 완주
  ep  93/300: steps= 611 return=  53.16 완주
  ep  94/300: steps= 593 return=  59.28 완주
  ep  95/300: steps= 592 return=  59.67 완주
  ep  96/300: steps= 604 return=  61.73 완주
  ep  97/300: steps= 641 return=  65.40 완주
  ep  98/300: steps= 673 return=  68.08 완주
  ep  99/300: steps= 633 return=  54.55 완주
  ep 100/300: steps= 651 return=  64.57 완주
  ep 101/300: steps= 597 return=  59.36 완주
  ep 102/300: steps= 620 return=  58.38 완주
  ep 103/300: steps= 577 return=  53.80 완주
  ep 104/300: steps= 599 return=  57.34 완주
  ep 105/300: steps= 622 return=  63.67 완주
  ep 106/300: steps= 596 return=  53.77 완주
  ep 107/300: steps= 655 return=  66.75 완주
  ep 108/300: steps= 666 return=  64.15 완주
  ep 109/300: steps= 643 return=  63.32 완주
  ep 110/300: steps= 595 return=  52.65 완주
  ep 111/300: steps= 642 return=  65.43 완주
  ep 112/300: steps= 599 return=  58.91 완주
  ep 113/300: steps= 612 return=  61.08 완주
  ep 114/300: steps= 611 return=  62.69 완주
  ep 115/300: steps= 610 return=  54.28 완주
  ep 116/300: steps= 591 return=  49.30 완주
  ep 117/300: steps= 598 return=  60.25 완주
  ep 118/300: steps= 609 return=  61.93 완주
  ep 119/300: steps= 671 return=  67.51 완주
  ep 120/300: steps= 644 return=  61.96 완주
  ep 121/300: steps= 614 return=  59.19 완주
  ep 122/300: steps= 570 return=  53.34 완주
  ep 123/300: steps= 656 return=  67.39 완주
  ep 124/300: steps= 599 return=  58.70 완주
  ep 125/300: steps= 616 return=  63.38 완주
  ep 126/300: steps= 608 return=  50.39 완주
  ep 127/300: steps= 657 return=  66.89 완주
  ep 128/300: steps= 590 return=  58.16 완주
  ep 129/300: steps= 606 return=  61.33 완주
  ep 130/300: steps= 654 return=  66.37 완주
  ep 131/300: steps= 624 return=  55.85 완주
  ep 132/300: steps= 614 return=  61.52 완주
  ep 133/300: steps= 572 return=  57.80 완주
  ep 134/300: steps= 607 return=  57.71 완주
  ep 135/300: steps= 599 return=  59.91 완주
  ep 136/300: steps= 594 return=  57.16 완주
  ep 137/300: steps= 617 return=  59.08 완주
  ep 138/300: steps= 626 return=  63.08 완주
  ep 139/300: steps= 653 return=  66.58 완주
  ep 140/300: steps= 615 return=  55.84 완주
  ep 141/300: steps= 601 return=  61.68 완주
  ep 142/300: steps= 599 return=  57.74 완주
  ep 143/300: steps= 642 return=  65.38 완주
  ep 144/300: steps= 619 return=  61.38 완주
  ep 145/300: steps= 584 return=  59.52 완주
  ep 146/300: steps= 606 return=  56.45 완주
  ep 147/300: steps= 607 return=  52.79 완주
  ep 148/300: steps= 600 return=  59.98 완주
  ep 149/300: steps= 582 return=  55.37 완주
  ep 150/300: steps= 641 return=  56.60 완주
  ep 151/300: steps= 627 return=  63.72 완주
  ep 152/300: steps= 602 return=  54.49 완주
  ep 153/300: steps= 631 return=  64.07 완주
  ep 154/300: steps= 589 return=  57.13 완주
  ep 155/300: steps= 620 return=  61.58 완주
  ep 156/300: steps= 577 return=  52.83 완주
  ep 157/300: steps= 596 return=  56.58 완주
  ep 158/300: steps= 654 return=  64.64 완주
  ep 159/300: steps= 606 return=  56.56 완주
  ep 160/300: steps= 642 return=  65.28 완주
  ep 161/300: steps= 625 return=  57.12 완주
  ep 162/300: steps= 624 return=  55.17 완주
  ep 163/300: steps= 656 return=  67.41 완주
  ep 164/300: steps= 606 return=  61.30 완주
  ep 165/300: steps= 652 return=  55.22 완주
  ep 166/300: steps= 596 return=  59.34 완주
  ep 167/300: steps= 647 return=  58.14 완주
  ep 168/300: steps= 689 return=  70.72 완주
  ep 169/300: steps= 641 return=  65.03 완주
  ep 170/300: steps= 601 return=  57.06 완주
  ep 171/300: steps= 620 return=  61.20 완주
  ep 172/300: steps= 578 return=  56.80 완주
  ep 173/300: steps= 613 return=  53.18 완주
  ep 174/300: steps= 635 return=  59.39 완주
  ep 175/300: steps= 611 return=  56.41 완주
  ep 176/300: steps= 667 return=  68.14 완주
  ep 177/300: steps= 589 return=  58.75 완주
  ep 178/300: steps= 610 return=  60.40 완주
  ep 179/300: steps= 691 return=  70.57 완주
  ep 180/300: steps= 594 return=  53.96 완주
  ep 181/300: steps= 598 return=  58.58 완주
  ep 182/300: steps= 625 return=  63.64 완주
  ep 183/300: steps= 564 return=  54.42 완주
  ep 184/300: steps= 596 return=  61.29 완주
  ep 185/300: steps= 572 return=  54.30 완주
  ep 186/300: steps= 623 return=  54.32 완주
  ep 187/300: steps= 711 return=  72.93 완주
  ep 188/300: steps= 632 return=  61.83 완주
  ep 189/300: steps= 613 return=  58.12 완주
  ep 190/300: steps= 600 return=  57.21 완주
  ep 191/300: steps= 600 return=  60.22 완주
  ep 192/300: steps= 641 return=  64.85 완주
  ep 193/300: steps= 588 return=  55.34 완주
  ep 194/300: steps= 795 return=  81.17 완주
  ep 195/300: steps= 588 return=  59.75 완주
  ep 196/300: steps= 597 return=  54.79 완주
  ep 197/300: steps= 599 return=  61.56 완주
  ep 198/300: steps= 641 return=  64.95 완주
  ep 199/300: steps= 640 return=  65.10 완주
  ep 200/300: steps= 681 return=  69.58 완주
  ep 201/300: steps= 696 return=  70.83 완주
  ep 202/300: steps= 600 return=  51.03 완주
  ep 203/300: steps= 558 return=  55.63 완주
  ep 204/300: steps= 606 return=  56.06 완주
  ep 205/300: steps= 716 return=  72.99 완주
  ep 206/300: steps= 620 return=  63.66 완주
  ep 207/300: steps= 584 return=  58.24 완주
  ep 208/300: steps= 592 return=  54.21 완주
  ep 209/300: steps= 660 return=  66.51 완주
  ep 210/300: steps= 587 return=  52.65 완주
  ep 211/300: steps= 612 return=  57.73 완주
  ep 212/300: steps= 610 return=  54.43 완주
  ep 213/300: steps= 681 return=  69.71 완주
  ep 214/300: steps= 610 return=  62.54 완주
  ep 215/300: steps= 650 return=  61.68 완주
  ep 216/300: steps= 587 return=  54.72 완주
  ep 217/300: steps= 576 return=  56.07 완주
  ep 218/300: steps= 683 return=  69.58 완주
  ep 219/300: steps= 630 return=  61.76 완주
  ep 220/300: steps= 641 return=  65.14 완주
  ep 221/300: steps= 612 return=  62.80 완주
  ep 222/300: steps= 599 return=  60.85 완주
  ep 223/300: steps= 598 return=  57.76 완주
  ep 224/300: steps= 608 return=  60.37 완주
  ep 225/300: steps= 582 return=  54.95 완주
  ep 226/300: steps= 656 return=  67.06 완주
  ep 227/300: steps= 668 return=  68.06 완주
  ep 228/300: steps= 602 return=  58.11 완주
  ep 229/300: steps= 595 return=  55.80 완주
  ep 230/300: steps= 667 return=  67.18 완주
  ep 231/300: steps= 629 return=  51.84 완주
  ep 232/300: steps= 790 return=  79.72 완주
  ep 233/300: steps= 584 return=  55.66 완주
  ep 234/300: steps= 600 return=  51.23 완주
  ep 235/300: steps= 649 return=  63.96 완주
  ep 236/300: steps= 617 return=  58.99 완주
  ep 237/300: steps= 599 return=  60.03 완주
  ep 238/300: steps= 658 return=  67.35 완주
  ep 239/300: steps= 691 return=  70.92 완주
  ep 240/300: steps= 656 return=  65.18 완주
  ep 241/300: steps= 605 return=  60.26 완주
  ep 242/300: steps= 589 return=  56.21 완주
  ep 243/300: steps= 608 return=  60.69 완주
  ep 244/300: steps= 656 return=  66.93 완주
  ep 245/300: steps= 639 return=  65.03 완주
  ep 246/300: steps= 638 return=  64.78 완주
  ep 247/300: steps= 718 return=  73.63 완주
  ep 248/300: steps= 582 return=  52.70 완주
  ep 249/300: steps= 599 return=  58.60 완주
  ep 250/300: steps= 649 return=  66.18 완주
  ep 251/300: steps= 591 return=  51.87 완주
  ep 252/300: steps= 688 return=  70.51 완주
  ep 253/300: steps= 662 return=  60.42 완주
  ep 254/300: steps= 595 return=  58.33 완주
  ep 255/300: steps= 649 return=  56.97 완주
  ep 256/300: steps= 582 return=  59.17 완주
  ep 257/300: steps= 667 return=  65.69 완주
  ep 258/300: steps= 606 return=  58.44 완주
  ep 259/300: steps= 592 return=  57.60 완주
  ep 260/300: steps= 632 return=  58.90 완주
  ep 261/300: steps= 666 return=  61.87 완주
  ep 262/300: steps= 635 return=  64.41 완주
  ep 263/300: steps= 612 return=  51.30 완주
  ep 264/300: steps= 627 return=  63.75 완주
  ep 265/300: steps= 624 return=  58.70 완주
  ep 266/300: steps= 603 return=  60.71 완주
  ep 267/300: steps= 769 return=  78.74 완주
  ep 268/300: steps= 626 return=  63.49 완주
  ep 269/300: steps= 725 return=  73.98 완주
  ep 270/300: steps= 601 return=  53.19 완주
  ep 271/300: steps= 605 return=  55.97 완주
  ep 272/300: steps= 611 return=  59.36 완주
  ep 273/300: steps= 652 return=  67.01 완주
  ep 274/300: steps= 627 return=  64.50 완주
  ep 275/300: steps= 584 return=  59.38 완주
  ep 276/300: steps= 605 return=  62.29 완주
  ep 277/300: steps= 583 return=  56.45 완주
  ep 278/300: steps= 594 return=  59.42 완주
  ep 279/300: steps= 592 return=  57.71 완주
  ep 280/300: steps= 678 return=  65.69 완주
  ep 281/300: steps= 591 return=  56.01 완주
  ep 282/300: steps= 623 return=  61.86 완주
  ep 283/300: steps= 614 return=  56.57 완주
  ep 284/300: steps= 605 return=  60.32 완주
  ep 285/300: steps= 587 return=  51.39 완주
  ep 286/300: steps= 626 return=  64.12 완주
  ep 287/300: steps= 595 return=  60.10 완주
  ep 288/300: steps= 576 return=  55.88 완주
  ep 289/300: steps= 572 return=  51.55 완주
  ep 290/300: steps= 577 return=  55.59 완주
  ep 291/300: steps= 604 return=  57.62 완주
  ep 292/300: steps= 648 return=  66.43 완주
  ep 293/300: steps= 591 return=  59.73 완주
  ep 294/300: steps= 616 return=  61.74 완주
  ep 295/300: steps= 591 return=  54.15 완주
  ep 296/300: steps= 689 return=  70.63 완주
  ep 297/300: steps= 623 return=  59.92 완주
  ep 298/300: steps= 630 return=  57.57 완주
  ep 299/300: steps= 655 return=  64.36 완주
  ep 300/300: steps= 600 return=  57.95 완주
{
  "collision_rate": 0.0,
  "lane_end_rate": 0.0,
  "arrival_rate": 1.0,
  "timeout_rate": 0.0,
  "failure_rate": 0.0,
  "episodes": 300,
  "mean_speed_mps": 23.16245762834456,
  "mean_return": 60.353544556683666,
  "mean_length_steps": 620.95,
  "mean_travel_time_s": 310.475,
  "lane_changes_per_ep": 0.9933333333333333,
  "min_gap_median_m": 15.04886272437193,
  "mode": "new",
  "model": "results/team14_ppo_v1/model.pt",
  "seed": 2026
}
