평가 알고리즘: PPO
  ep   1/300: steps= 634 arrival lc=1 unsafe=65
  ep   2/300: steps= 573 arrival lc=1 unsafe=33
  ep   3/300: steps= 612 arrival lc=1 unsafe=13
  ep   4/300: steps= 596 arrival lc=1 unsafe=9
  ep   5/300: steps= 569 arrival lc=0 unsafe=0
  ep   6/300: steps= 625 arrival lc=2 unsafe=19
  ep   7/300: steps= 593 arrival lc=1 unsafe=16
  ep   8/300: steps= 581 arrival lc=1 unsafe=37
  ep   9/300: steps= 612 arrival lc=1 unsafe=16
  ep  10/300: steps= 599 arrival lc=1 unsafe=39
  ep  11/300: steps= 600 arrival lc=1 unsafe=10
  ep  12/300: steps= 601 arrival lc=2 unsafe=7
  ep  13/300: steps= 592 arrival lc=0 unsafe=0
  ep  14/300: steps= 568 arrival lc=2 unsafe=7
  ep  15/300: steps= 597 arrival lc=2 unsafe=33
  ep  16/300: steps= 602 arrival lc=1 unsafe=24
  ep  17/300: steps= 642 arrival lc=1 unsafe=7
  ep  18/300: steps= 623 arrival lc=2 unsafe=24
  ep  19/300: steps= 587 arrival lc=2 unsafe=16
  ep  20/300: steps= 611 arrival lc=1 unsafe=8
  ep  21/300: steps= 613 arrival lc=0 unsafe=0
  ep  22/300: steps= 577 arrival lc=0 unsafe=0
  ep  23/300: steps= 582 arrival lc=0 unsafe=0
  ep  24/300: steps= 666 arrival lc=0 unsafe=0
  ep  25/300: steps= 600 arrival lc=1 unsafe=20
  ep  26/300: steps= 591 arrival lc=0 unsafe=0
  ep  27/300: steps= 640 arrival lc=1 unsafe=7
  ep  28/300: steps= 648 arrival lc=2 unsafe=10
  ep  29/300: steps= 660 arrival lc=0 unsafe=0
  ep  30/300: steps= 632 arrival lc=2 unsafe=19
  ep  31/300: steps= 571 arrival lc=1 unsafe=7
  ep  32/300: steps= 621 arrival lc=1 unsafe=7
  ep  33/300: steps= 701 arrival lc=2 unsafe=8
  ep  34/300: steps= 615 arrival lc=1 unsafe=30
  ep  35/300: steps= 600 arrival lc=2 unsafe=15
  ep  36/300: steps= 646 arrival lc=2 unsafe=30
  ep  37/300: steps= 659 arrival lc=1 unsafe=8
  ep  38/300: steps= 618 arrival lc=2 unsafe=34
  ep  39/300: steps= 581 arrival lc=1 unsafe=7
  ep  40/300: steps= 587 arrival lc=1 unsafe=7
  ep  41/300: steps= 676 arrival lc=0 unsafe=0
  ep  42/300: steps= 621 arrival lc=1 unsafe=8
  ep  43/300: steps= 606 arrival lc=2 unsafe=38
  ep  44/300: steps= 600 arrival lc=0 unsafe=0
  ep  45/300: steps= 593 arrival lc=1 unsafe=12
  ep  46/300: steps= 633 arrival lc=1 unsafe=9
  ep  47/300: steps= 584 arrival lc=0 unsafe=0
  ep  48/300: steps= 593 arrival lc=1 unsafe=9
  ep  49/300: steps= 615 arrival lc=1 unsafe=7
  ep  50/300: steps= 625 arrival lc=0 unsafe=0
  ep  51/300: steps= 666 arrival lc=1 unsafe=8
  ep  52/300: steps= 619 arrival lc=1 unsafe=14
  ep  53/300: steps= 610 arrival lc=2 unsafe=14
  ep  54/300: steps= 624 arrival lc=1 unsafe=10
  ep  55/300: steps= 609 arrival lc=0 unsafe=0
  ep  56/300: steps= 668 arrival lc=0 unsafe=0
  ep  57/300: steps= 585 arrival lc=0 unsafe=0
  ep  58/300: steps= 589 arrival lc=1 unsafe=8
  ep  59/300: steps= 594 arrival lc=2 unsafe=16
  ep  60/300: steps= 589 arrival lc=1 unsafe=12
  ep  61/300: steps= 644 arrival lc=1 unsafe=26
  ep  62/300: steps= 606 arrival lc=0 unsafe=0
  ep  63/300: steps= 624 arrival lc=0 unsafe=0
  ep  64/300: steps= 615 arrival lc=1 unsafe=10
  ep  65/300: steps= 614 arrival lc=1 unsafe=10
  ep  66/300: steps=  14 collision lc=0 unsafe=14
  ep  67/300: steps= 610 arrival lc=2 unsafe=23
  ep  68/300: steps= 660 arrival lc=1 unsafe=9
  ep  69/300: steps= 590 arrival lc=0 unsafe=0
  ep  70/300: steps= 672 arrival lc=1 unsafe=8
  ep  71/300: steps= 587 arrival lc=1 unsafe=33
  ep  72/300: steps= 663 arrival lc=2 unsafe=11
  ep  73/300: steps= 564 arrival lc=1 unsafe=11
  ep  74/300: steps= 663 arrival lc=0 unsafe=0
  ep  75/300: steps= 740 arrival lc=0 unsafe=0
  ep  76/300: steps= 650 arrival lc=1 unsafe=7
  ep  77/300: steps= 586 arrival lc=2 unsafe=23
  ep  78/300: steps= 641 arrival lc=1 unsafe=12
  ep  79/300: steps= 699 arrival lc=1 unsafe=8
  ep  80/300: steps= 566 arrival lc=2 unsafe=16
  ep  81/300: steps= 615 arrival lc=1 unsafe=8
  ep  82/300: steps= 593 arrival lc=2 unsafe=8
  ep  83/300: steps= 678 arrival lc=0 unsafe=0
  ep  84/300: steps= 584 arrival lc=1 unsafe=7
  ep  85/300: steps= 587 arrival lc=2 unsafe=14
  ep  86/300: steps= 606 arrival lc=2 unsafe=7
  ep  87/300: steps= 614 arrival lc=1 unsafe=8
  ep  88/300: steps= 670 arrival lc=0 unsafe=0
  ep  89/300: steps= 588 arrival lc=1 unsafe=7
  ep  90/300: steps= 646 arrival lc=2 unsafe=14
  ep  91/300: steps= 582 arrival lc=0 unsafe=0
  ep  92/300: steps= 609 arrival lc=1 unsafe=7
  ep  93/300: steps= 600 arrival lc=0 unsafe=0
  ep  94/300: steps= 601 arrival lc=1 unsafe=7
  ep  95/300: steps= 604 arrival lc=2 unsafe=20
  ep  96/300: steps= 587 arrival lc=1 unsafe=31
  ep  97/300: steps= 644 arrival lc=0 unsafe=0
  ep  98/300: steps= 596 arrival lc=2 unsafe=21
  ep  99/300: steps= 683 arrival lc=1 unsafe=8
  ep 100/300: steps= 632 arrival lc=1 unsafe=8
  ep 101/300: steps= 597 arrival lc=0 unsafe=0
  ep 102/300: steps= 570 arrival lc=1 unsafe=14
  ep 103/300: steps= 666 arrival lc=2 unsafe=18
  ep 104/300: steps= 701 arrival lc=1 unsafe=23
  ep 105/300: steps= 603 arrival lc=1 unsafe=7
  ep 106/300: steps= 611 arrival lc=0 unsafe=0
  ep 107/300: steps= 650 arrival lc=2 unsafe=13
  ep 108/300: steps= 603 arrival lc=1 unsafe=13
  ep 109/300: steps= 623 arrival lc=0 unsafe=0
  ep 110/300: steps= 605 arrival lc=0 unsafe=0
  ep 111/300: steps= 629 arrival lc=0 unsafe=0
  ep 112/300: steps= 582 arrival lc=2 unsafe=11
  ep 113/300: steps= 622 arrival lc=2 unsafe=7
  ep 114/300: steps= 753 arrival lc=2 unsafe=55
  ep 115/300: steps= 671 arrival lc=0 unsafe=0
  ep 116/300: steps= 629 arrival lc=1 unsafe=11
  ep 117/300: steps= 599 arrival lc=1 unsafe=26
  ep 118/300: steps= 617 arrival lc=0 unsafe=0
  ep 119/300: steps= 577 arrival lc=1 unsafe=9
  ep 120/300: steps= 606 arrival lc=2 unsafe=25
  ep 121/300: steps= 590 arrival lc=1 unsafe=10
  ep 122/300: steps= 583 arrival lc=0 unsafe=0
  ep 123/300: steps= 588 arrival lc=0 unsafe=0
  ep 124/300: steps= 594 arrival lc=1 unsafe=7
  ep 125/300: steps= 644 arrival lc=1 unsafe=22
  ep 126/300: steps= 656 arrival lc=0 unsafe=0
  ep 127/300: steps= 582 arrival lc=1 unsafe=7
  ep 128/300: steps= 595 arrival lc=2 unsafe=20
  ep 129/300: steps= 615 arrival lc=2 unsafe=54
  ep 130/300: steps= 650 arrival lc=2 unsafe=62
  ep 131/300: steps= 585 arrival lc=1 unsafe=11
  ep 132/300: steps= 587 arrival lc=0 unsafe=0
  ep 133/300: steps= 721 arrival lc=2 unsafe=8
  ep 134/300: steps= 720 arrival lc=1 unsafe=10
  ep 135/300: steps= 574 arrival lc=2 unsafe=20
  ep 136/300: steps= 599 arrival lc=0 unsafe=0
  ep 137/300: steps= 673 arrival lc=2 unsafe=19
  ep 138/300: steps= 617 arrival lc=0 unsafe=0
  ep 139/300: steps= 601 arrival lc=1 unsafe=7
  ep 140/300: steps= 589 arrival lc=0 unsafe=0
  ep 141/300: steps= 584 arrival lc=1 unsafe=7
  ep 142/300: steps= 586 arrival lc=2 unsafe=7
  ep 143/300: steps= 626 arrival lc=1 unsafe=12
  ep 144/300: steps= 660 arrival lc=0 unsafe=0
  ep 145/300: steps= 599 arrival lc=2 unsafe=7
  ep 146/300: steps= 629 arrival lc=2 unsafe=10
  ep 147/300: steps= 582 arrival lc=2 unsafe=7
  ep 148/300: steps= 612 arrival lc=0 unsafe=0
  ep 149/300: steps= 595 arrival lc=2 unsafe=8
  ep 150/300: steps= 645 arrival lc=1 unsafe=9
  ep 151/300: steps= 623 arrival lc=2 unsafe=14
  ep 152/300: steps= 611 arrival lc=0 unsafe=0
  ep 153/300: steps= 590 arrival lc=1 unsafe=34
  ep 154/300: steps= 621 arrival lc=2 unsafe=19
  ep 155/300: steps= 603 arrival lc=2 unsafe=25
  ep 156/300: steps= 583 arrival lc=2 unsafe=7
  ep 157/300: steps= 613 arrival lc=2 unsafe=7
  ep 158/300: steps= 628 arrival lc=0 unsafe=0
  ep 159/300: steps= 600 arrival lc=1 unsafe=12
  ep 160/300: steps=   9 collision lc=2 unsafe=7
  ep 161/300: steps= 639 arrival lc=1 unsafe=7
  ep 162/300: steps= 625 arrival lc=2 unsafe=21
  ep 163/300: steps= 604 arrival lc=1 unsafe=9
  ep 164/300: steps= 656 arrival lc=1 unsafe=8
  ep 165/300: steps= 602 arrival lc=0 unsafe=0
  ep 166/300: steps= 622 arrival lc=1 unsafe=16
  ep 167/300: steps= 634 arrival lc=1 unsafe=17
  ep 168/300: steps= 581 arrival lc=0 unsafe=0
  ep 169/300: steps= 735 arrival lc=1 unsafe=8
  ep 170/300: steps= 639 arrival lc=0 unsafe=0
  ep 171/300: steps= 579 arrival lc=0 unsafe=0
  ep 172/300: steps= 226 collision lc=1 unsafe=225
  ep 173/300: steps= 590 arrival lc=0 unsafe=0
  ep 174/300: steps= 692 arrival lc=2 unsafe=15
  ep 175/300: steps= 615 arrival lc=2 unsafe=24
  ep 176/300: steps= 644 arrival lc=1 unsafe=7
  ep 177/300: steps= 652 arrival lc=2 unsafe=7
  ep 178/300: steps= 605 arrival lc=0 unsafe=0
  ep 179/300: steps= 581 arrival lc=0 unsafe=0
  ep 180/300: steps= 612 arrival lc=1 unsafe=12
  ep 181/300: steps= 592 arrival lc=2 unsafe=52
  ep 182/300: steps= 617 arrival lc=1 unsafe=8
  ep 183/300: steps= 605 arrival lc=0 unsafe=0
  ep 184/300: steps= 612 arrival lc=2 unsafe=24
  ep 185/300: steps= 591 arrival lc=2 unsafe=16
  ep 186/300: steps= 683 arrival lc=1 unsafe=8
  ep 187/300: steps= 617 arrival lc=0 unsafe=0
  ep 188/300: steps= 633 arrival lc=0 unsafe=0
  ep 189/300: steps= 609 arrival lc=1 unsafe=7
  ep 190/300: steps= 664 arrival lc=0 unsafe=0
  ep 191/300: steps= 626 arrival lc=1 unsafe=7
  ep 192/300: steps= 575 arrival lc=0 unsafe=0
  ep 193/300: steps= 595 arrival lc=1 unsafe=10
  ep 194/300: steps= 633 arrival lc=1 unsafe=7
  ep 195/300: steps= 632 arrival lc=0 unsafe=0
  ep 196/300: steps= 567 arrival lc=0 unsafe=0
  ep 197/300: steps= 613 arrival lc=2 unsafe=16
  ep 198/300: steps=   8 collision lc=0 unsafe=8
  ep 199/300: steps= 601 arrival lc=0 unsafe=0
  ep 200/300: steps= 595 arrival lc=2 unsafe=8
  ep 201/300: steps= 697 arrival lc=1 unsafe=12
  ep 202/300: steps= 625 arrival lc=1 unsafe=8
  ep 203/300: steps= 617 arrival lc=2 unsafe=7
  ep 204/300: steps= 587 arrival lc=0 unsafe=0
  ep 205/300: steps= 634 arrival lc=0 unsafe=0
  ep 206/300: steps= 611 arrival lc=0 unsafe=0
  ep 207/300: steps= 604 arrival lc=0 unsafe=0
  ep 208/300: steps=  17 collision lc=0 unsafe=17
  ep 209/300: steps= 623 arrival lc=2 unsafe=7
  ep 210/300: steps= 612 arrival lc=2 unsafe=14
  ep 211/300: steps= 604 arrival lc=0 unsafe=0
  ep 212/300: steps= 614 arrival lc=0 unsafe=0
  ep 213/300: steps= 596 arrival lc=0 unsafe=0
  ep 214/300: steps= 598 arrival lc=0 unsafe=0
  ep 215/300: steps= 587 arrival lc=1 unsafe=7
  ep 216/300: steps= 569 arrival lc=0 unsafe=0
  ep 217/300: steps= 593 arrival lc=0 unsafe=0
  ep 218/300: steps= 648 arrival lc=2 unsafe=13
  ep 219/300: steps= 587 arrival lc=0 unsafe=0
  ep 220/300: steps= 564 arrival lc=0 unsafe=0
  ep 221/300: steps= 589 arrival lc=1 unsafe=29
  ep 222/300: steps= 647 arrival lc=0 unsafe=0
  ep 223/300: steps= 625 arrival lc=2 unsafe=76
  ep 224/300: steps= 679 arrival lc=0 unsafe=0
  ep 225/300: steps= 601 arrival lc=1 unsafe=12
  ep 226/300: steps= 599 arrival lc=0 unsafe=0
  ep 227/300: steps= 593 arrival lc=1 unsafe=10
  ep 228/300: steps= 572 arrival lc=1 unsafe=7
  ep 229/300: steps= 589 arrival lc=1 unsafe=8
  ep 230/300: steps= 590 arrival lc=0 unsafe=0
  ep 231/300: steps= 697 arrival lc=2 unsafe=13
  ep 232/300: steps=  20 collision lc=0 unsafe=20
  ep 233/300: steps= 630 arrival lc=2 unsafe=40
  ep 234/300: steps= 659 arrival lc=0 unsafe=0
  ep 235/300: steps= 598 arrival lc=1 unsafe=8
  ep 236/300: steps= 590 arrival lc=1 unsafe=7
  ep 237/300: steps= 696 arrival lc=2 unsafe=36
  ep 238/300: steps= 613 arrival lc=2 unsafe=8
  ep 239/300: steps= 597 arrival lc=2 unsafe=7
  ep 240/300: steps= 581 arrival lc=0 unsafe=0
  ep 241/300: steps= 712 arrival lc=0 unsafe=0
  ep 242/300: steps= 594 arrival lc=0 unsafe=0
  ep 243/300: steps= 616 arrival lc=2 unsafe=47
  ep 244/300: steps= 652 arrival lc=0 unsafe=0
  ep 245/300: steps= 619 arrival lc=1 unsafe=7
  ep 246/300: steps= 617 arrival lc=1 unsafe=14
  ep 247/300: steps= 668 arrival lc=0 unsafe=0
  ep 248/300: steps= 648 arrival lc=2 unsafe=21
  ep 249/300: steps= 607 arrival lc=2 unsafe=18
  ep 250/300: steps= 625 arrival lc=0 unsafe=0
  ep 251/300: steps= 592 arrival lc=1 unsafe=8
  ep 252/300: steps= 627 arrival lc=0 unsafe=0
  ep 253/300: steps= 590 arrival lc=1 unsafe=8
  ep 254/300: steps= 900 arrival lc=2 unsafe=9
  ep 255/300: steps= 609 arrival lc=2 unsafe=11
  ep 256/300: steps= 636 arrival lc=1 unsafe=8
  ep 257/300: steps= 578 arrival lc=0 unsafe=0
  ep 258/300: steps= 723 arrival lc=1 unsafe=16
  ep 259/300: steps= 616 arrival lc=1 unsafe=8
  ep 260/300: steps= 607 arrival lc=0 unsafe=0
  ep 261/300: steps= 608 arrival lc=1 unsafe=9
  ep 262/300: steps= 617 arrival lc=2 unsafe=7
  ep 263/300: steps= 660 arrival lc=0 unsafe=0
  ep 264/300: steps=   8 collision lc=0 unsafe=8
  ep 265/300: steps= 620 arrival lc=0 unsafe=0
  ep 266/300: steps= 616 arrival lc=1 unsafe=7
  ep 267/300: steps= 679 arrival lc=0 unsafe=0
  ep 268/300: steps= 626 arrival lc=0 unsafe=0
  ep 269/300: steps= 599 arrival lc=0 unsafe=0
  ep 270/300: steps= 599 arrival lc=1 unsafe=9
  ep 271/300: steps= 605 arrival lc=2 unsafe=10
  ep 272/300: steps= 667 arrival lc=2 unsafe=7
  ep 273/300: steps= 592 arrival lc=0 unsafe=0
  ep 274/300: steps= 716 arrival lc=1 unsafe=9
  ep 275/300: steps= 627 arrival lc=0 unsafe=0
  ep 276/300: steps= 577 arrival lc=0 unsafe=0
  ep 277/300: steps= 583 arrival lc=0 unsafe=0
  ep 278/300: steps= 630 arrival lc=0 unsafe=0
  ep 279/300: steps= 690 arrival lc=1 unsafe=23
  ep 280/300: steps= 680 arrival lc=1 unsafe=9
  ep 281/300: steps= 636 arrival lc=1 unsafe=20
  ep 282/300: steps= 567 arrival lc=2 unsafe=7
  ep 283/300: steps= 569 arrival lc=2 unsafe=7
  ep 284/300: steps=  38 collision lc=0 unsafe=38
  ep 285/300: steps= 599 arrival lc=1 unsafe=7
  ep 286/300: steps= 605 arrival lc=1 unsafe=23
  ep 287/300: steps= 576 arrival lc=0 unsafe=0
  ep 288/300: steps= 613 arrival lc=1 unsafe=7
  ep 289/300: steps= 613 arrival lc=2 unsafe=7
  ep 290/300: steps= 622 arrival lc=0 unsafe=0
  ep 291/300: steps= 606 arrival lc=0 unsafe=0
  ep 292/300: steps= 608 arrival lc=1 unsafe=17
  ep 293/300: steps= 589 arrival lc=1 unsafe=12
  ep 294/300: steps= 588 arrival lc=1 unsafe=13
  ep 295/300: steps= 612 arrival lc=0 unsafe=0
  ep 296/300: steps= 626 arrival lc=1 unsafe=70
  ep 297/300: steps= 592 arrival lc=0 unsafe=0
  ep 298/300: steps= 590 arrival lc=0 unsafe=0
  ep 299/300: steps= 600 arrival lc=2 unsafe=28
  ep 300/300: steps= 591 arrival lc=0 unsafe=0
{
  "tag": "v2_nobrake",
  "model": "results/team14_ppo_v2/model.pt",
  "seed": 2026,
  "episodes": 300,
  "brake_check": false,
  "collision_count": 8,
  "lane_end_count": 0,
  "arrival_count": 292,
  "timeout_count": 0,
  "mean_speed_kmh": 83.67358792967333,
  "mean_travel_time_s": 301.59166666666664,
  "lane_changes_per_ep": 0.9066666666666666,
  "lane_command_step_share": 0.7904251798328848,
  "blocked_unsafe_per_ep": 10.92,
  "blocked_no_lane_per_ep": 455.1666666666667,
  "blocked_junction_per_ep": 6.3933333333333335
}
